// Jest Snapshot v1, https://goo.gl/fbAQLP

exports[`should match snapshot 1`] = `
<DocumentFragment>
  <div
    class="Payment d-flex justify-content-center "
  >
    <form
      id="payment-form"
    >
      <div
        id="card-element"
      />
      <button
        class="payment-submit"
        disabled=""
        id="submit"
      >
        <span
          id="button-text"
        >
          Pay
        </span>
      </button>
      <p
        class="result-message hidden"
      >
        Payment succeeded, see the result in your
        <a
          href="https://dashboard.stripe.com/test/payments"
        >
           Stripe dashboard.
        </a>
         Refresh the page to pay again.
      </p>
    </form>
  </div>
</DocumentFragment>
`;

exports[`should match snapshot if user logged out 1`] = `
<DocumentFragment>
  <div
    class="Payment d-flex justify-content-center "
  >
    <form
      id="payment-form"
    >
      <div
        id="card-element"
      />
      <button
        class="payment-submit"
        disabled=""
        id="submit"
      >
        <span
          id="button-text"
        >
          Pay
        </span>
      </button>
      <p
        class="result-message hidden"
      >
        Payment succeeded, see the result in your
        <a
          href="https://dashboard.stripe.com/test/payments"
        >
           Stripe dashboard.
        </a>
         Refresh the page to pay again.
      </p>
    </form>
  </div>
</DocumentFragment>
`;
